Usage: ../y86 <option(s)> mini-elf-file
 Options are:
  -h      Display usage
  -H      Show the Mini-ELF header
