01 00 00 01 10 00 05 00  f4 00 16 01 45 4c 46 00
Mini-ELF version 1
Entry point 0x100
There are 5 program headers, starting at offset 16 (0x10)
There is a symbol table starting at offset 244 (0xf4)
There is a string table starting at offset 278 (0x116)
